.\venv\Scripts\python.exe : Traceback (most recent call last):
At line:1 char:1
+ .\venv\Scripts\python.exe manage.py makemigrations users *> error_log ...
+ ~~~~~~~~~~~~~~~~~~~~~~~~~~~~~~~~~~~~~~~~~~~~~~~~~~~~~~~~~~~~~~~~~~~~~
    + CategoryInfo          : NotSpecified: (Traceback (most recent call last)::String) [], RemoteException
    + FullyQualifiedErrorId : NativeCommandError
 
  File "C:\Users\ROG Zephyrus G15\Desktop\Electric-Store-Management-System\backend\manage.py", line 22, in <module>
    main()
  File "C:\Users\ROG Zephyrus G15\Desktop\Electric-Store-Management-System\backend\manage.py", line 18, in main
    execute_from_command_line(sys.argv)
  File "C:\Users\ROG Zephyrus G15\Desktop\Electric-Store-Management-System\backend\venv\Lib\site-packages\django\core\management\__init__.py", line 442, in 
execute_from_command_line
    utility.execute()
  File "C:\Users\ROG Zephyrus G15\Desktop\Electric-Store-Management-System\backend\venv\Lib\site-packages\django\core\management\__init__.py", line 436, in execute
    self.fetch_command(subcommand).run_from_argv(self.argv)
  File "C:\Users\ROG Zephyrus G15\Desktop\Electric-Store-Management-System\backend\venv\Lib\site-packages\django\core\management\base.py", line 416, in run_from_argv
    self.execute(*args, **cmd_options)
  File "C:\Users\ROG Zephyrus G15\Desktop\Electric-Store-Management-System\backend\venv\Lib\site-packages\django\core\management\base.py", line 457, in execute
    self.check(**check_kwargs)
  File "C:\Users\ROG Zephyrus G15\Desktop\Electric-Store-Management-System\backend\venv\Lib\site-packages\django\core\management\base.py", line 492, in check
    all_issues = checks.run_checks(
                 ^^^^^^^^^^^^^^^^^^
  File "C:\Users\ROG Zephyrus G15\Desktop\Electric-Store-Management-System\backend\venv\Lib\site-packages\django\core\checks\registry.py", line 89, in run_checks
    new_errors = check(app_configs=app_configs, databases=databases)
                 ^^^^^^^^^^^^^^^^^^^^^^^^^^^^^^^^^^^^^^^^^^^^^^^^^^^
  File "C:\Users\ROG Zephyrus G15\Desktop\Electric-Store-Management-System\backend\venv\Lib\site-packages\django\core\checks\urls.py", line 44, in check_url_namespaces_unique
    all_namespaces = _load_all_namespaces(resolver)
                     ^^^^^^^^^^^^^^^^^^^^^^^^^^^^^^
  File "C:\Users\ROG Zephyrus G15\Desktop\Electric-Store-Management-System\backend\venv\Lib\site-packages\django\core\checks\urls.py", line 63, in _load_all_namespaces
    url_patterns = getattr(resolver, "url_patterns", [])
                   ^^^^^^^^^^^^^^^^^^^^^^^^^^^^^^^^^^^^^
  File "C:\Users\ROG Zephyrus G15\Desktop\Electric-Store-Management-System\backend\venv\Lib\site-packages\django\utils\functional.py", line 47, in __get__
    res = instance.__dict__[self.name] = self.func(instance)
                                         ^^^^^^^^^^^^^^^^^^^
  File "C:\Users\ROG Zephyrus G15\Desktop\Electric-Store-Management-System\backend\venv\Lib\site-packages\django\urls\resolvers.py", line 718, in url_patterns
    patterns = getattr(self.urlconf_module, "urlpatterns", self.urlconf_module)
                       ^^^^^^^^^^^^^^^^^^^
  File "C:\Users\ROG Zephyrus G15\Desktop\Electric-Store-Management-System\backend\venv\Lib\site-packages\django\utils\functional.py", line 47, in __get__
    res = instance.__dict__[self.name] = self.func(instance)
                                         ^^^^^^^^^^^^^^^^^^^
  File "C:\Users\ROG Zephyrus G15\Desktop\Electric-Store-Management-System\backend\venv\Lib\site-packages\django\urls\resolvers.py", line 711, in urlconf_module
    return import_module(self.urlconf_name)
           ^^^^^^^^^^^^^^^^^^^^^^^^^^^^^^^^
  File "C:\Users\ROG Zephyrus G15\AppData\Local\Programs\Python\Python311\Lib\importlib\__init__.py", line 126, in import_module
    return _bootstrap._gcd_import(name[level:], package, level)
           ^^^^^^^^^^^^^^^^^^^^^^^^^^^^^^^^^^^^^^^^^^^^^^^^^^^^
  File "<frozen importlib._bootstrap>", line 1204, in _gcd_import
  File "<frozen importlib._bootstrap>", line 1176, in _find_and_load
  File "<frozen importlib._bootstrap>", line 1147, in _find_and_load_unlocked
  File "<frozen importlib._bootstrap>", line 690, in _load_unlocked
  File "<frozen importlib._bootstrap_external>", line 940, in exec_module
  File "<frozen importlib._bootstrap>", line 241, in _call_with_frames_removed
  File "C:\Users\ROG Zephyrus G15\Desktop\Electric-Store-Management-System\backend\backend\urls.py", line 42, in <module>
    path('api/inventory/', include('inventory.urls')),
                           ^^^^^^^^^^^^^^^^^^^^^^^^^
  File "C:\Users\ROG Zephyrus G15\Desktop\Electric-Store-Management-System\backend\venv\Lib\site-packages\django\urls\conf.py", line 39, in include
    urlconf_module = import_module(urlconf_module)
                     ^^^^^^^^^^^^^^^^^^^^^^^^^^^^^
  File "C:\Users\ROG Zephyrus G15\AppData\Local\Programs\Python\Python311\Lib\importlib\__init__.py", line 126, in import_module
    return _bootstrap._gcd_import(name[level:], package, level)
           ^^^^^^^^^^^^^^^^^^^^^^^^^^^^^^^^^^^^^^^^^^^^^^^^^^^^
  File "<frozen importlib._bootstrap>", line 1204, in _gcd_import
  File "<frozen importlib._bootstrap>", line 1176, in _find_and_load
  File "<frozen importlib._bootstrap>", line 1147, in _find_and_load_unlocked
  File "<frozen importlib._bootstrap>", line 690, in _load_unlocked
  File "<frozen importlib._bootstrap_external>", line 940, in exec_module
  File "<frozen importlib._bootstrap>", line 241, in _call_with_frames_removed
  File "C:\Users\ROG Zephyrus G15\Desktop\Electric-Store-Management-System\backend\inventory\urls.py", line 3, in <module>
    from .views import (
ImportError: cannot import name 'TriggerStockAlertScanView' from 'inventory.views' (C:\Users\ROG Zephyrus G15\Desktop\Electric-Store-Management-System\backend\inventory\views.py)
